Loading weights:   0%|          | 0/199 [00:00<?, ?it/s]Loading weights: 100%|██████████| 199/199 [00:00<00:00, 14150.49it/s]
tokenized 311438 pairs + 5657 span rows in 7s
epoch 1 step 200/1217 loss 0.8090 1867 rows/s elapsed 0.5 min
epoch 1 step 400/1217 loss 0.5519 1888 rows/s elapsed 0.9 min
epoch 1 step 600/1217 loss 0.4363 1897 rows/s elapsed 1.3 min
epoch 1 step 800/1217 loss 0.3704 1904 rows/s elapsed 1.8 min
epoch 1 step 1000/1217 loss 0.3255 1909 rows/s elapsed 2.2 min
epoch 1 step 1200/1217 loss 0.2906 1910 rows/s elapsed 2.7 min
Writing model shards:   0%|          | 0/1 [00:00<?, ?it/s]Writing model shards: 100%|██████████| 1/1 [00:00<00:00,  7.46it/s]Writing model shards: 100%|██████████| 1/1 [00:00<00:00,  7.45it/s]
epoch 1 done in 2.7 min, loss 0.2881, saved out/expanded-small
epoch 2 step 183/1217 loss 0.0937 1929 rows/s elapsed 0.4 min
epoch 2 step 383/1217 loss 0.0883 1926 rows/s elapsed 0.8 min
epoch 2 step 583/1217 loss 0.0831 1925 rows/s elapsed 1.3 min
epoch 2 step 783/1217 loss 0.0790 1922 rows/s elapsed 1.7 min
epoch 2 step 983/1217 loss 0.0753 1920 rows/s elapsed 2.2 min
epoch 2 step 1183/1217 loss 0.0719 1919 rows/s elapsed 2.6 min
Writing model shards:   0%|          | 0/1 [00:00<?, ?it/s]Writing model shards: 100%|██████████| 1/1 [00:00<00:00,  4.82it/s]Writing model shards: 100%|██████████| 1/1 [00:00<00:00,  4.82it/s]
epoch 2 done in 2.7 min, loss 0.0716, saved out/expanded-small
epoch 3 step 166/1217 loss 0.0502 1918 rows/s elapsed 0.4 min
epoch 3 step 366/1217 loss 0.0483 1922 rows/s elapsed 0.8 min
epoch 3 step 566/1217 loss 0.0469 1920 rows/s elapsed 1.3 min
epoch 3 step 766/1217 loss 0.0466 1918 rows/s elapsed 1.7 min
epoch 3 step 966/1217 loss 0.0453 1919 rows/s elapsed 2.1 min
epoch 3 step 1166/1217 loss 0.0446 1919 rows/s elapsed 2.6 min
Writing model shards:   0%|          | 0/1 [00:00<?, ?it/s]Writing model shards: 100%|██████████| 1/1 [00:00<00:00,  4.70it/s]Writing model shards: 100%|██████████| 1/1 [00:00<00:00,  4.70it/s]
epoch 3 done in 2.7 min, loss 0.0444, saved out/expanded-small
